Microchip MPLAB XC8 Compiler V1.20 ()

Linker command line:

--edf=/opt/microchip/xc8/v1.20/dat/en_msgs.txt -cs \
  -h+dist/PierinPIC18/production/PierinPIC18.X.production.sym \
  --cmf=dist/PierinPIC18/production/PierinPIC18.X.production.cmf -z \
  -Q18F47J53 -o/tmp/cgt38Jm9V \
  -Mdist/PierinPIC18/production/PierinPIC18.X.production.map -E1 -ver=XC8 \
  -ACODE=01000h-01FFF7h -ACONST=01000h-01FFF7h \
  -ASMALLCONST=01000h-010FFhx495,01FF00h-01FFF7h \
  -AMEDIUMCONST=01000h-0FFFFh,010F00h-01FFF7h -ACOMRAM=01h-05Fh \
  -AABS1=00h-0EAFh -ABIGRAM=01h-0EAFh \
  -ARAM=060h-0FFh,0100h-01FFhx13,0E00h-0EAFh -ABANK0=060h-0FFh \
  -ABANK1=0100h-01FFh -ABANK2=0200h-02FFh -ABANK3=0300h-03FFh \
  -ABANK4=0400h-04FFh -ABANK5=0500h-05FFh -ABANK6=0600h-06FFh \
  -ABANK7=0700h-07FFh -ABANK8=0800h-08FFh -ABANK9=0900h-09FFh \
  -ABANK10=0A00h-0AFFh -ABANK11=0B00h-0BFFh -ABANK12=0C00h-0CFFh \
  -ABANK13=0D00h-0DFFh -ABANK14=0E00h-0EAFh \
  -ASFR=0EB0h-0EFFh,0F00h-0F5Fh,0F60h-0FFFh \
  -preset_vec=01000h,intcode=01008h,intcodelo=01018h,powerup,init,end_init \
  -pramtop=0F00h -psmallconst=SMALLCONST -pmediumconst=MEDIUMCONST \
  -pconst=CONST -AFARRAM=00h-00h -ACONFIG=01FFF8h-01FFFFh -pconfig=CONFIG \
  -pjflash_buffer=01F800h \
  -prdata=COMRAM,nvrram=COMRAM,nvbit=COMRAM,rbss=COMRAM,rbit=COMRAM \
  -pfarbss=FARRAM,fardata=FARRAM,nvFARRAM=FARRAM \
  -pintsave_regs=BIGRAM,bigbss=BIGRAM,bigdata=BIGRAM -pbss=RAM \
  -pidata=CODE,irdata=CODE,ibigdata=CODE,ifardata=CODE /tmp/cgtfU0Jkh.obj \
  dist/PierinPIC18/production/PierinPIC18.X.production.obj 

Object code version is 3.11

Machine type is 18F47J53

Call graph: (short form)




                Name                               Link     Load   Length Selector   Space Scale
/tmp/cgtfU0Jkh.obj
                end_init                           10C2     10C2        4      80C       0
                reset_vec                          1000     1000        4      800       0
                config                            1FFF8    1FFF8        8    1FFF8       0
dist/PierinPIC18/production/PierinPIC18.X.production.obj
                intcodelo                          1018     1018       AA      80C       0
                intcode                            1008     1008       10      804       0
                intcode_body                       112C     112C       66      80C       0
                text3                              11EC     11EC       12      80C       0
                text2                              11D8     11D8       14      80C       0
                text1                              1192     1192       46      80C       0
                text0                              10C6     10C6       66      80C       0
                cstackCOMRAM                          1        1       22        1       1
                bssCOMRAM                            23       23        2        1       1
                cinit                              11FE     11FE        A      80C       0

TOTAL           Name                               Link     Load   Length     Space
        CLASS   CODE           
                end_init                           10C2     10C2        4         0
                intcodelo                          1018     1018       AA         0
                intcode                            1008     1008       10         0
                reset_vec                          1000     1000        4         0
                intcode_body                       112C     112C       66         0
                text3                              11EC     11EC       12         0
                text2                              11D8     11D8       14         0
                text1                              1192     1192       46         0
                text0                              10C6     10C6       66         0
                cinit                              11FE     11FE        A         0

        CLASS   CONST          

        CLASS   SMALLCONST     

        CLASS   MEDIUMCONST    

        CLASS   COMRAM         
                cstackCOMRAM                          1        1       22         1
                bssCOMRAM                            23       23        2         1

        CLASS   ABS1           

        CLASS   BIGRAM         

        CLASS   RAM            

        CLASS   BANK0          

        CLASS   BANK1          

        CLASS   BANK2          

        CLASS   BANK3          

        CLASS   BANK4          

        CLASS   BANK5          

        CLASS   BANK6          

        CLASS   BANK7          

        CLASS   BANK8          

        CLASS   BANK9          

        CLASS   BANK10         

        CLASS   BANK11         

        CLASS   BANK12         

        CLASS   BANK13         

        CLASS   BANK14         

        CLASS   SFR            

        CLASS   FARRAM         

        CLASS   CONFIG         
                config                            1FFF8    1FFF8        8         0

        CLASS   IDLOC          



SEGMENTS        Name                           Load    Length   Top    Selector   Space  Class

                cstackCOMRAM                   000001  000024  000025         1       1  COMRAM  
                reset_vec                      001000  000004  001004       800       0  CODE    
                intcode                        001008  000010  001018       804       0  CODE    
                intcodelo                      001018  0001F0  001208       80C       0  CODE    
                config                         01FFF8  000008  020000     1FFF8       0  CONFIG  


UNUSED ADDRESS RANGES

        Name                Unused          Largest block    Delta
        BANK0            00060-000FF              A0
        BANK1            00100-001FF             100
        BANK10           00A00-00AFF             100
        BANK11           00B00-00BFF             100
        BANK12           00C00-00CFF             100
        BANK13           00D00-00DFF             100
        BANK14           00E00-00EAF              B0
        BANK2            00200-002FF             100
        BANK3            00300-003FF             100
        BANK4            00400-004FF             100
        BANK5            00500-005FF             100
        BANK6            00600-006FF             100
        BANK7            00700-007FF             100
        BANK8            00800-008FF             100
        BANK9            00900-009FF             100
        BIGRAM           00025-00EAF             E8B
        CODE             01004-01007               4
                         01208-1FFF7           1EDF0
        COMRAM           00025-0005F              3B
        CONST            01004-01007               4
                         01208-1FFF7           1EDF0
        FARRAM           00000-00000               1
        MEDIUMCONST      01004-01007               4
                         01208-0FFFF            EDF8
                         10F00-1FFF7            F0F8
        RAM              00060-00EAF             100
        SFR              00EB0-00FFF              60
        SMALLCONST       01004-01007               4
                         01208-1FFF7             100

                                  Symbol Table

_ConfigureOscillator          text3         011EC
_INTCONbits                   (abs)         00FF2
_IPR1bits                     (abs)         00F9F
_InitApp                      text1         01192
_LATA                         (abs)         00F89
_LATB                         (abs)         00F8A
_LATC                         (abs)         00F8B
_LATD                         (abs)         00F8C
_LATE                         (abs)         00F8D
_OSCTUNEbits                  (abs)         00F9B
_PIE1bits                     (abs)         00F9D
_PIR1bits                     (abs)         00F9E
_PORTDbits                    (abs)         00F83
_PR2                          (abs)         00FCB
_RCONbits                     (abs)         00FD0
_T2CON                        (abs)         00FCA
_T2CONbits                    (abs)         00FCA
_TMR2                         (abs)         00FCC
_TRISA                        (abs)         00F92
_TRISC                        (abs)         00F94
_TRISD                        (abs)         00F95
_TRISE                        (abs)         00F96
__CFG_ADCSEL$BIT10            (abs)         00000
__CFG_CFGPLLEN$OFF            (abs)         00000
__CFG_CLKOEC$ON               (abs)         00000
__CFG_CP0$OFF                 (abs)         00000
__CFG_CPUDIV$OSC1             (abs)         00000
__CFG_DSBOREN$OFF             (abs)         00000
__CFG_DSWDTEN$OFF             (abs)         00000
__CFG_DSWDTOSC$INTOSCREF      (abs)         00000
__CFG_DSWDTPS$8192            (abs)         00000
__CFG_FCMEN$OFF               (abs)         00000
__CFG_IESO$OFF                (abs)         00000
__CFG_IOL1WAY$OFF             (abs)         00000
__CFG_LS48MHZ$SYS48X8         (abs)         00000
__CFG_MSSP7B_EN$MSK7          (abs)         00000
__CFG_OSC$HSPLL               (abs)         00000
__CFG_PLLDIV$3                (abs)         00000
__CFG_RTCOSC$T1OSCREF         (abs)         00000
__CFG_SOSCSEL$HIGH            (abs)         00000
__CFG_STVREN$ON               (abs)         00000
__CFG_WDTEN$OFF               (abs)         00000
__CFG_WDTPS$32768             (abs)         00000
__CFG_WPCFG$OFF               (abs)         00000
__CFG_WPDIS$OFF               (abs)         00000
__CFG_WPEND$PAGE_0            (abs)         00000
__CFG_WPFP$PAGE_1             (abs)         00000
__CFG_XINST$OFF               (abs)         00000
__HRAM                        (abs)         00000
__Habs1                       abs1          00000
__Hbank0                      bank0         00000
__Hbank1                      bank1         00000
__Hbank10                     bank10        00000
__Hbank11                     bank11        00000
__Hbank12                     bank12        00000
__Hbank13                     bank13        00000
__Hbank14                     bank14        00000
__Hbank2                      bank2         00000
__Hbank3                      bank3         00000
__Hbank4                      bank4         00000
__Hbank5                      bank5         00000
__Hbank6                      bank6         00000
__Hbank7                      bank7         00000
__Hbank8                      bank8         00000
__Hbank9                      bank9         00000
__Hbigbss                     bigbss        00000
__Hbigdata                    bigdata       00000
__Hbigram                     bigram        00000
__Hbss                        bss           00000
__HbssCOMRAM                  bssCOMRAM     00000
__Hcinit                      cinit         00000
__Hclrtext                    clrtext       00000
__Hcomram                     comram        00000
__Hconfig                     config        20000
__Hconst                      const         00000
__HcstackCOMRAM               cstackCOMRAM  00000
__Hdata                       data          00000
__Hend_init                   end_init      010C6
__Hfarbss                     farbss        00000
__Hfardata                    fardata       00000
__Hibigdata                   ibigdata      00000
__Hidata                      idata         00000
__Hidloc                      idloc         00000
__Hifardata                   ifardata      00000
__Hinit                       init          010C2
__Hintcode                    intcode       01018
__Hintcode_body               intcode_body  00000
__Hintcodelo                  intcodelo     010C2
__Hintentry                   intentry      00000
__Hintret                     intret        00000
__Hintsave_regs               intsave_regs  00000
__Hirdata                     irdata        00000
__Hjflash_buffer              jflash_buffer 1F800
__Hmediumconst                mediumconst   00000
__HnvFARRAM                   nvFARRAM      00000
__Hnvbit                      nvbit         00000
__Hnvrram                     nvrram        00000
__Hparam                      rparam        00000
__Hpowerup                    powerup       010C2
__Hram                        ram           00000
__Hramtop                     ramtop        00F00
__Hrbit                       rbit          00000
__Hrbss                       rbss          00000
__Hrdata                      rdata         00000
__Hreset_vec                  reset_vec     01004
__Hrparam                     rparam        00000
__Hsfr                        sfr           00000
__Hsmallconst                 smallconst    00000
__Hstruct                     struct        00000
__Htemp                       temp          00000
__Htext                       text          00000
__Htext0                      text0         00000
__Htext1                      text1         00000
__Htext2                      text2         00000
__Htext3                      text3         00000
__LRAM                        (abs)         00001
__Labs1                       abs1          00000
__Lbank0                      bank0         00000
__Lbank1                      bank1         00000
__Lbank10                     bank10        00000
__Lbank11                     bank11        00000
__Lbank12                     bank12        00000
__Lbank13                     bank13        00000
__Lbank14                     bank14        00000
__Lbank2                      bank2         00000
__Lbank3                      bank3         00000
__Lbank4                      bank4         00000
__Lbank5                      bank5         00000
__Lbank6                      bank6         00000
__Lbank7                      bank7         00000
__Lbank8                      bank8         00000
__Lbank9                      bank9         00000
__Lbigbss                     bigbss        00000
__Lbigdata                    bigdata       00000
__Lbigram                     bigram        00000
__Lbss                        bss           00000
__LbssCOMRAM                  bssCOMRAM     00000
__Lcinit                      cinit         00000
__Lclrtext                    clrtext       00000
__Lcomram                     comram        00000
__Lconfig                     config        1FFF8
__Lconst                      const         00000
__LcstackCOMRAM               cstackCOMRAM  00000
__Ldata                       data          00000
__Lend_init                   end_init      010C2
__Lfarbss                     farbss        00000
__Lfardata                    fardata       00000
__Libigdata                   ibigdata      00000
__Lidata                      idata         00000
__Lidloc                      idloc         00000
__Lifardata                   ifardata      00000
__Linit                       init          010C2
__Lintcode                    intcode       01008
__Lintcode_body               intcode_body  00000
__Lintcodelo                  intcodelo     01018
__Lintentry                   intentry      00000
__Lintret                     intret        00000
__Lintsave_regs               intsave_regs  00000
__Lirdata                     irdata        00000
__Ljflash_buffer              jflash_buffer 1F800
__Lmediumconst                mediumconst   00000
__LnvFARRAM                   nvFARRAM      00000
__Lnvbit                      nvbit         00000
__Lnvrram                     nvrram        00000
__Lparam                      rparam        00000
__Lpowerup                    powerup       010C2
__Lram                        ram           00000
__Lramtop                     ramtop        00F00
__Lrbit                       rbit          00000
__Lrbss                       rbss          00000
__Lrdata                      rdata         00000
__Lreset_vec                  reset_vec     01000
__Lrparam                     rparam        00000
__Lsfr                        sfr           00000
__Lsmallconst                 smallconst    00000
__Lstruct                     struct        00000
__Ltemp                       temp          00000
__Ltext                       text          00000
__Ltext0                      text0         00000
__Ltext1                      text1         00000
__Ltext2                      text2         00000
__Ltext3                      text3         00000
__S0                          (abs)         20000
__S1                          (abs)         00025
__accesstop                   (abs)         00060
__activetblptr                (abs)         00000
__end_of_ConfigureOscillator  text3         011FE
__end_of_InitApp              text1         011D8
__end_of__initialization      cinit         01202
__end_of_high_isr             intcode_body  01192
__end_of_low_isr              intcodelo     010C2
__end_of_main                 text0         0112C
__end_of_timer2_deInit        text2         011EC
__initialization              cinit         011FE
__mediumconst                 mediumconst   00000
__pbssCOMRAM                  bssCOMRAM     00023
__pcinit                      cinit         011FE
__pcstackCOMRAM               cstackCOMRAM  00001
__pintcode                    intcode       01008
__pintcode_body               intcode_body  0112C
__pintcodelo                  intcodelo     01018
__ptext0                      text0         010C6
__ptext1                      text1         01192
__ptext2                      text2         011D8
__ptext3                      text3         011EC
__ramtop                      ramtop        00F00
__size_of_ConfigureOscillator (abs)         00000
__size_of_InitApp             (abs)         00000
__size_of_high_isr            (abs)         00000
__size_of_low_isr             (abs)         00000
__size_of_main                (abs)         00000
__size_of_timer2_deInit       (abs)         00000
__smallconst                  smallconst    00000
_high_isr                     intcode       01008
_low_isr                      intcodelo     01018
_main                         text0         010C6
_timer2_deInit                text2         011D8
_timer_delay                  bssCOMRAM     00023
end_of_initialization         cinit         01202
int_func                      intcode_body  0112C
intlevel0                     text          00000
intlevel1                     text          00000
intlevel2                     text          00000
intlevel3                     text          00000
main@c                        cstackCOMRAM  00022
start                         init          010C2
start_initialization          cinit         011FE


FUNCTION INFORMATION:

 *************** function _main *****************
 Defined at:
		line 35 in file "main.c"
 Parameters:    Size  Location     Type
		None
 Auto vars:     Size  Location     Type
  c               1   33[COMRAM] unsigned char 
 Return value:  Size  Location     Type
		None               void
 Registers used:
		wreg, fsr0l, fsr0h, fsr1l, fsr1h, fsr1l, fsr1h, fsr2l, fsr2h, status,2, status,0, pclat, btemp, btemp+1, btemp+2, btemp+3, btemp+4, btemp+5, btemp+6, btemp+7, tosl, structret, tblptrl, tblptrh, tblptru, prodl, prodh, bsr, cstack
 Tracked objects:
		On entry : 
		On exit  : 
		Unchanged: 
 Data sizes:     COMRAM   BANK0   BANK1   BANK2   BANK3   BANK4   BANK5   BANK6   BANK7   BANK8   BANK9  BANK10  BANK11  BANK12  BANK13  BANK14
      Params:         0       0       0       0       0       0       0       0       0       0       0       0       0       0       0       0
      Locals:         1       0       0       0       0       0       0       0       0       0       0       0       0       0       0       0
      Temps:          1       0       0       0       0       0       0       0       0       0       0       0       0       0       0       0
      Totals:         2       0       0       0       0       0       0       0       0       0       0       0       0       0       0       0
Total ram usage:        2 bytes
 Hardware stack levels required when called:    4
 This function calls:
		_ConfigureOscillator
		_InitApp
 This function is called by:
		Startup code after reset
 This function uses a non-reentrant model


 *************** function _InitApp *****************
 Defined at:
		line 38 in file "user.c"
 Parameters:    Size  Location     Type
		None
 Auto vars:     Size  Location     Type
		None
 Return value:  Size  Location     Type
		None               void
 Registers used:
		wreg, fsr0l, fsr0h, fsr1l, fsr1h, fsr1l, fsr1h, fsr2l, fsr2h, status,2, status,0, pclat, btemp, btemp+1, btemp+2, btemp+3, btemp+4, btemp+5, btemp+6, btemp+7, tosl, structret, tblptrl, tblptrh, tblptru, prodl, prodh, bsr, cstack
 Tracked objects:
		On entry : 
		On exit  : 
		Unchanged: 
 Data sizes:     COMRAM   BANK0   BANK1   BANK2   BANK3   BANK4   BANK5   BANK6   BANK7   BANK8   BANK9  BANK10  BANK11  BANK12  BANK13  BANK14
      Params:         0       0       0       0       0       0       0       0       0       0       0       0       0       0       0       0
      Locals:         0       0       0       0       0       0       0       0       0       0       0       0       0       0       0       0
      Temps:          0       0       0       0       0       0       0       0       0       0       0       0       0       0       0       0
      Totals:         0       0       0       0       0       0       0       0       0       0       0       0       0       0       0       0
Total ram usage:        0 bytes
 Hardware stack levels used:    1
 Hardware stack levels required when called:    3
 This function calls:
		_timer2_deInit
 This function is called by:
		_main
 This function uses a non-reentrant model


 *************** function _timer2_deInit *****************
 Defined at:
		line 28 in file "user.c"
 Parameters:    Size  Location     Type
		None
 Auto vars:     Size  Location     Type
		None
 Return value:  Size  Location     Type
		None               void
 Registers used:
		wreg, status,2
 Tracked objects:
		On entry : 
		On exit  : 
		Unchanged: 
 Data sizes:     COMRAM   BANK0   BANK1   BANK2   BANK3   BANK4   BANK5   BANK6   BANK7   BANK8   BANK9  BANK10  BANK11  BANK12  BANK13  BANK14
      Params:         0       0       0       0       0       0       0       0       0       0       0       0       0       0       0       0
      Locals:         0       0       0       0       0       0       0       0       0       0       0       0       0       0       0       0
      Temps:          0       0       0       0       0       0       0       0       0       0       0       0       0       0       0       0
      Totals:         0       0       0       0       0       0       0       0       0       0       0       0       0       0       0       0
Total ram usage:        0 bytes
 Hardware stack levels used:    1
 Hardware stack levels required when called:    2
 This function calls:
		Nothing
 This function is called by:
		_InitApp
 This function uses a non-reentrant model


 *************** function _ConfigureOscillator *****************
 Defined at:
		line 25 in file "system.c"
 Parameters:    Size  Location     Type
		None
 Auto vars:     Size  Location     Type
		None
 Return value:  Size  Location     Type
		None               void
 Registers used:
		wreg
 Tracked objects:
		On entry : 
		On exit  : 
		Unchanged: 
 Data sizes:     COMRAM   BANK0   BANK1   BANK2   BANK3   BANK4   BANK5   BANK6   BANK7   BANK8   BANK9  BANK10  BANK11  BANK12  BANK13  BANK14
      Params:         0       0       0       0       0       0       0       0       0       0       0       0       0       0       0       0
      Locals:         0       0       0       0       0       0       0       0       0       0       0       0       0       0       0       0
      Temps:          1       0       0       0       0       0       0       0       0       0       0       0       0       0       0       0
      Totals:         1       0       0       0       0       0       0       0       0       0       0       0       0       0       0       0
Total ram usage:        1 bytes
 Hardware stack levels used:    1
 Hardware stack levels required when called:    2
 This function calls:
		Nothing
 This function is called by:
		_main
 This function uses a non-reentrant model


 *************** function _low_isr *****************
 Defined at:
		line 77 in file "interrupts.c"
 Parameters:    Size  Location     Type
		None
 Auto vars:     Size  Location     Type
		None
 Return value:  Size  Location     Type
		None               void
 Registers used:
		wreg, status,2, status,0
 Tracked objects:
		On entry : 
		On exit  : 
		Unchanged: 
 Data sizes:     COMRAM   BANK0   BANK1   BANK2   BANK3   BANK4   BANK5   BANK6   BANK7   BANK8   BANK9  BANK10  BANK11  BANK12  BANK13  BANK14
      Params:         0       0       0       0       0       0       0       0       0       0       0       0       0       0       0       0
      Locals:         0       0       0       0       0       0       0       0       0       0       0       0       0       0       0       0
      Temps:         17       0       0       0       0       0       0       0       0       0       0       0       0       0       0       0
      Totals:        17       0       0       0       0       0       0       0       0       0       0       0       0       0       0       0
Total ram usage:       17 bytes
 Hardware stack levels used:    1
 Hardware stack levels required when called:    1
 This function calls:
		Nothing
 This function is called by:
		Interrupt level 1
 This function uses a non-reentrant model


 *************** function _high_isr *****************
 Defined at:
		line 38 in file "interrupts.c"
 Parameters:    Size  Location     Type
		None
 Auto vars:     Size  Location     Type
		None
 Return value:  Size  Location     Type
		None               void
 Registers used:
		None
 Tracked objects:
		On entry : 
		On exit  : 
		Unchanged: 
 Data sizes:     COMRAM   BANK0   BANK1   BANK2   BANK3   BANK4   BANK5   BANK6   BANK7   BANK8   BANK9  BANK10  BANK11  BANK12  BANK13  BANK14
      Params:         0       0       0       0       0       0       0       0       0       0       0       0       0       0       0       0
      Locals:         0       0       0       0       0       0       0       0       0       0       0       0       0       0       0       0
      Temps:         14       0       0       0       0       0       0       0       0       0       0       0       0       0       0       0
      Totals:        14       0       0       0       0       0       0       0       0       0       0       0       0       0       0       0
Total ram usage:       14 bytes
 Hardware stack levels used:    1
 This function calls:
		Nothing
 This function is called by:
		Interrupt level 2
 This function uses a non-reentrant model



MODULE INFORMATION

Module		Function		Class		Link	Load	Size
shared
		__initializatio		CODE           	11FE	0000	4

shared estimated size: 4

main.c
		_main          		CODE           	10C6	0000	102

main.c estimated size: 102

system.c
		_ConfigureOscil		CODE           	11EC	0000	18

system.c estimated size: 18

interrupts.c
		_high_isr      		CODE           	1008	0000	394
		_low_isr       		CODE           	1018	0000	170

interrupts.c estimated size: 564

user.c
		_timer2_deInit 		CODE           	11D8	0000	20
		_InitApp       		CODE           	1192	0000	70

user.c estimated size: 90

